// Jest Snapshot v1, https://goo.gl/fbAQLP

exports[`CallUsNow Component renders 1`] = `
<section
  class="debt-advisors-call-us-now"
>
  <div
    class="content-wrapper"
  >
    <strong
      class="content-text"
    >
      For expert debt resolution advice you can trust the licensed partners of New Vision Debt
    </strong>
    <a
      class="phone-link"
      href="tel:+18009211420"
    >
      <span
        class="number"
      >
        800-921-1420
      </span>
      <span
        class="text"
      >
        CALL US NOW
      </span>
    </a>
  </div>
</section>
`;
