// Jest Snapshot v1, https://goo.gl/fbAQLP

exports[`Jumbotron Component renders 1`] = `
<section
  class="about-us"
>
  <div
    class="about-us-content"
  >
    <h1
      class="title"
    >
      About Us
    </h1>
    <p
      class="content"
    >
      Debt Advisors of America is headquartered in San Diego, California. Debt Advisors of America is a member of the American Fair Credit Council; the International Association of Professional Debt Arbitrators; and the Better Business Bureau, with which Debt Advisors of America maintains an A+ rating.
    </p>
    <p
      class="content"
    >
      Debt Advisors of America team members have, together, decades of experience in the debt-restructure industry, and can match you with a partner that will suit your needs.
    </p>
    <p
      class="content"
    >
      We are committed to conducting our business honestly, ethically, and professionally.
    </p>
  </div>
  <picture>
    <source />
    <img
      alt="About Us Jumbotron Image"
      class="w-full h-fit"
      loading="lazy"
    />
  </picture>
</section>
`;
