// Jest Snapshot v1, https://goo.gl/fbAQLP

exports[`Jumbotron Component renders 1`] = `
<section
  class="debt-advisors-jumbotron"
>
  <picture>
    <source />
    <img
      alt="Home Page Jumbotron Image"
      class="jumbotron-image"
      loading="lazy"
    />
  </picture>
  <div
    class="jumbotron-content-wrapper"
  >
    <h1
      class="jumbotron-title"
    >
      Reduce Your Monthly Payments Today!
    </h1>
    <p
      class="jumbotron-content"
    >
      Have more than $5,000 of debt? See how much you can save with our debt calculator.
    </p>
    <a
      class="start-button"
      href="/stepper"
    >
      Start - it's free!
    </a>
  </div>
</section>
`;
