// Jest Snapshot v1, https://goo.gl/fbAQLP

exports[`Footer Component renders 1`] = `
<footer
  class="debt-advisors-footer"
>
  <div
    class="footer-content-wrapper"
  >
    <div
      class="contact-us"
    >
      <strong
        class="title"
      >
        Office Hours
      </strong>
      <p
        class="content"
        data-testid="monday-to-friday"
      >
        Monday to Friday 8:00 am to 5:00 pm PST
      </p>
      <p
        class="content"
        data-testid="saturday"
      >
        Saturday Online Only
      </p>
      <p
        class="content"
        data-testid="sunday"
      >
        Sunday Online Only
      </p>
    </div>
    <div
      class="phone-email-submit"
    >
      <strong
        class="title"
      >
        Contact Us
      </strong>
      <div
        class="contact-info"
      >
        <a
          class="info"
          data-testid="phone"
          href="tel:+18009211420"
        >
          800-921-1420
        </a>
      </div>
      <div
        class="flex flex-col"
      >
        <a
          class="duration-200 hover:text-daa-red text-sm"
          data-testid="email"
          href="mailto:info@newvisiondebt.com"
        >
          info@newvisiondebt.com
        </a>
        <a
          class="duration-200 hover:text-daa-red text-sm"
          data-testid="email"
          href="mailto:sales@newvisiondebt.com"
        >
          sales@newvisiondebt.com
        </a>
        <a
          class="duration-200 hover:text-daa-red text-sm"
          data-testid="email"
          href="mailto:support@newvisiondebt.com"
        >
          support@newvisiondebt.com
        </a>
      </div>
    </div>
  </div>
  <div
    class="legal-wrapper"
  >
    <a
      class="legal-link"
      data-testid="terms-of-use"
      href="/terms-of-use"
    >
      Terms of Use
    </a>
    <span>
       / 
    </span>
    <a
      class="legal-link"
      data-testid="privacy-policy"
      href="/privacy-policy"
    >
      Privacy Policy
    </a>
  </div>
</footer>
`;
