// Jest Snapshot v1, https://goo.gl/fbAQLP

exports[`Footer Component renders 1`] = `
<footer
  class="debt-advisors-footer"
>
  <div
    class="footer-content-wrapper"
  >
    <div
      class="logo-text"
    >
      <a
        aria-label="Home Page Link"
        href="/"
      >
        <picture>
          <source />
          <img
            alt="Debt Advisors Of America White Logo"
            class="white-logo"
            data-testid="white-logo"
            loading="lazy"
          />
        </picture>
      </a>
      <p
        class="footer-text"
        data-testid="footer-text"
      >
        We would be delighted to answer any inquiry you might have about your debt and how we can help!
      </p>
    </div>
    <div
      class="contact-us"
    >
      <strong
        class="title"
      >
        Office Hours
      </strong>
      <p
        class="content"
        data-testid="monday-to-friday"
      >
        Monday to Friday 6:00 am to 7:00 pm PST
      </p>
      <p
        class="content"
        data-testid="saturday"
      >
        Saturday 7:00 am to 2:00 pm PST
      </p>
    </div>
    <div
      class="phone-email-submit"
    >
      <strong
        class="title"
      >
        Contact Us
      </strong>
      <div
        class="contact-info"
      >
        <a
          class="info"
          data-testid="phone"
          href="tel:+18009202365"
        >
          800-920-2365
        </a>
      </div>
      <div
        class="contact-info"
      >
        <a
          class="info"
          data-testid="email"
          href="mailto:info@contactdaa.com"
        >
          info@contactdaa.com
        </a>
      </div>
    </div>
  </div>
  <div
    class="legal-wrapper"
  >
    <a
      class="legal-link"
      data-testid="terms-of-use"
      href="/terms-of-use"
    >
      Terms of Use
    </a>
    <span>
       / 
    </span>
    <a
      class="legal-link"
      data-testid="privacy-policy"
      href="/privacy-policy"
    >
      Privacy Policy
    </a>
  </div>
</footer>
`;
