// Jest Snapshot v1, https://goo.gl/fbAQLP

exports[`Navigation Component renders 1`] = `
<nav
  class="debt-advisors-navigation"
>
  <a
    aria-label="Home Page Link"
    data-testid="nav-logo-link"
    href="/"
  >
    <picture>
      <source />
      <img
        alt="Debt Advisors Of America Logo"
        class="logo"
        data-testid="regular-logo"
        loading="lazy"
      />
    </picture>
  </a>
</nav>
`;
